Presenter.hpp:42:18:virtual void touchgfx::Presenter::activate()	16	static
Presenter.hpp:54:18:virtual void touchgfx::Presenter::deactivate()	16	static
Presenter.hpp:65:13:touchgfx::Presenter::~Presenter()	16	static
Presenter.hpp:65:13:virtual touchgfx::Presenter::~Presenter()	16	static
Presenter.hpp:78:5:touchgfx::Presenter::Presenter()	16	static
ModelListener.hpp:10:5:ModelListener::ModelListener()	16	static
ModelListener.hpp:12:13:ModelListener::~ModelListener()	16	static
ModelListener.hpp:12:13:virtual ModelListener::~ModelListener()	16	static
ModelListener.hpp:14:18:virtual void ModelListener::UpdateValue(uint16_t)	16	static
ScreenControlLampReadingPresenter.hpp:28:13:ScreenControlLampReadingPresenter::~ScreenControlLampReadingPresenter()	16	static
ScreenControlLampReadingPresenter.hpp:28:13:virtual ScreenControlLampReadingPresenter::~ScreenControlLampReadingPresenter()	16	static
ScreenControlLampReadingPresenter.cpp:4:1:ScreenControlLampReadingPresenter::ScreenControlLampReadingPresenter(ScreenControlLampReadingView&)	16	static
ScreenControlLampReadingPresenter.cpp:10:6:virtual void ScreenControlLampReadingPresenter::activate()	16	static
ScreenControlLampReadingPresenter.cpp:15:6:virtual void ScreenControlLampReadingPresenter::deactivate()	16	static
