Presenter.hpp:42:18:virtual void touchgfx::Presenter::activate()	16	static
Presenter.hpp:54:18:virtual void touchgfx::Presenter::deactivate()	16	static
Presenter.hpp:65:13:touchgfx::Presenter::~Presenter()	16	static
Presenter.hpp:65:13:virtual touchgfx::Presenter::~Presenter()	16	static
Presenter.hpp:78:5:touchgfx::Presenter::Presenter()	16	static
ModelListener.hpp:10:5:ModelListener::ModelListener()	16	static
ModelListener.hpp:12:13:ModelListener::~ModelListener()	16	static
ModelListener.hpp:12:13:virtual ModelListener::~ModelListener()	16	static
ModelListener.hpp:14:18:virtual void ModelListener::UpdateValue(uint16_t)	16	static
ScreenMenuSettingBatteryPresenter.hpp:28:13:ScreenMenuSettingBatteryPresenter::~ScreenMenuSettingBatteryPresenter()	16	static
ScreenMenuSettingBatteryPresenter.hpp:28:13:virtual ScreenMenuSettingBatteryPresenter::~ScreenMenuSettingBatteryPresenter()	16	static
ScreenMenuSettingBatteryPresenter.cpp:4:1:ScreenMenuSettingBatteryPresenter::ScreenMenuSettingBatteryPresenter(ScreenMenuSettingBatteryView&)	16	static
ScreenMenuSettingBatteryPresenter.cpp:10:6:virtual void ScreenMenuSettingBatteryPresenter::activate()	16	static
ScreenMenuSettingBatteryPresenter.cpp:15:6:virtual void ScreenMenuSettingBatteryPresenter::deactivate()	16	static
