lexilight.c:32:6:Lexi_Init_Data	4	static
lexilight.c:48:6:Lexi_Task	64	static
lexilight.c:92:6:Lexi_DO_LED_PWM	16	static
lexilight.c:110:6:Lexi_DO_Standard_PWM	16	static
lexilight.c:116:6:Lexi_DO_PWM_LUM_DRIVER	16	static
lexilight.c:140:14:Lexi_Get_Duty	4	static
lexilight.c:143:14:Lexi_Get_Freq	4	static
lexilight.c:146:14:Lexi_Get_Luminosity	4	static
lexilight.c:149:14:Lexi_Get_Led_State	4	static
lexilight.c:164:6:Lexi_Set_State_OFF	8	static
lexilight.c:168:6:Lexi_Set_State_ON	8	static
lexilight.c:172:6:Lexi_Set_State_STANDARD	8	static
lexilight.c:176:6:Lexi_Set_State_LEXI	8	static
lexilight.c:180:6:Lexi_Set_Duty	16	static
lexilight.c:189:6:Lexi_Set_Freq	16	static
lexilight.c:201:6:Lexi_Set_Luminosity	16	static
lexilight.c:206:6:Lexi_Set_Slider_Speed	16	static
lexilight.c:214:6:Lexi_Set_Slider_Strength	16	static
lexilight.c:222:6:Lexi_Set_Slider_Luminosity	16	static
lexilight.c:232:6:Lexi_Set_Slider_Last_Luminosity	4	static
lexilight.c:236:6:Lexi_Get_Slider_Last_Luminosity	4	static
lexilight.c:241:14:Lexi_Get_Slider_Speed	4	static
lexilight.c:244:14:Lexi_Get_Slider_Strength	4	static
lexilight.c:247:14:Lexi_Get_Slider_Luminosity	4	static
