main.c:82:6:HAL_GPIO_EXTI_Callback	16	static
main.c:94:5:main	88	static
main.c:174:6:SystemClock_Config	136	static
main.c:229:13:MX_CRC_Init	8	static
main.c:255:13:MX_DMA2D_Init	8	static
main.c:292:13:MX_I2C3_Init	8	static
main.c:338:13:MX_LTDC_Init	64	static
main.c:400:13:MX_SPI3_Init	8	static
main.c:543:13:MX_TIM2_Init	48	static
main.c:592:13:MX_TIM3_Init	48	static
main.c:641:13:MX_TIM4_Init	48	static
main.c:690:13:MX_GPIO_Init	56	static
main.c:735:6:writeReg	16	static
main.c:743:6:writeData	16	static
main.c:760:6:HAL_TIM_PeriodElapsedCallback	16	static
main.c:777:6:Error_Handler	4	static
