main.c:102:6:HAL_UART_RxCpltCallback	24	static
main.c:131:6:HAL_GPIO_EXTI_Callback	16	static
main.c:169:5:main	200	static
main.c:286:6:SystemClock_Config	136	static
main.c:341:13:MX_CRC_Init	8	static
main.c:367:13:MX_DMA2D_Init	8	static
main.c:404:13:MX_I2C1_Init	8	static
main.c:450:13:MX_I2C3_Init	8	static
main.c:496:13:MX_LTDC_Init	64	static
main.c:558:13:MX_SPI3_Init	8	static
main.c:701:13:MX_TIM2_Init	48	static
main.c:750:13:MX_TIM3_Init	48	static
main.c:799:13:MX_TIM4_Init	48	static
main.c:848:13:MX_UART4_Init	8	static
main.c:881:13:MX_UART7_Init	8	static
main.c:914:13:MX_USART1_UART_Init	8	static
main.c:947:13:MX_GPIO_Init	56	static
main.c:1036:6:writeReg	16	static
main.c:1044:6:writeData	16	static
main.c:1051:6:StartSecondTask	144	static
main.c:1073:6:StartDefaultTask	16	static
main.c:1094:6:HAL_TIM_PeriodElapsedCallback	16	static
main.c:1111:6:Error_Handler	4	static
