stm32f4xx_it.c:77:6:NMI_Handler	4	static
stm32f4xx_it.c:90:6:HardFault_Handler	4	static
stm32f4xx_it.c:105:6:MemManage_Handler	4	static
stm32f4xx_it.c:120:6:BusFault_Handler	4	static
stm32f4xx_it.c:135:6:UsageFault_Handler	4	static
stm32f4xx_it.c:150:6:DebugMon_Handler	4	static
stm32f4xx_it.c:170:6:TIM1_UP_TIM10_IRQHandler	8	static
stm32f4xx_it.c:184:6:USART1_IRQHandler	8	static
stm32f4xx_it.c:198:6:EXTI15_10_IRQHandler	8	static
stm32f4xx_it.c:214:6:UART7_IRQHandler	8	static
stm32f4xx_it.c:228:6:LTDC_IRQHandler	8	static
stm32f4xx_it.c:242:6:DMA2D_IRQHandler	8	static
