uart_task.c:45:6:UART_Init	8	static
uart_task.c:50:6:UART_Task	16	static
uart_task.c:258:6:UART_Reset_CMD	4	static
uart_task.c:263:6:UART_Send_Speed	16	static
uart_task.c:277:6:UART_Send_Strength	16	static
uart_task.c:291:6:UART_Send_Lum	16	static
uart_task.c:308:6:UART_Send_Batery	16	static
uart_task.c:325:6:UART_Send_LedReading	16	static
uart_task.c:332:6:UART_Send_LedNormal	16	static
uart_task.c:339:6:UART_Send_LedOff	16	static
uart_task.c:346:6:UART_Send_ScreenOn	16	static
uart_task.c:353:6:UART_Send_ScreenOff	16	static
uart_task.c:360:6:UART_Send_True	16	static
uart_task.c:367:6:UART_Send_False	16	static
uart_task.c:374:6:UART_Send_Charge	16	static
uart_task.c:387:6:UART_Send_Error	16	static
uart_task.c:395:6:UART_Send_Version	16	static
uart_task.c:403:6:UART_Init_Buffer_Tx	16	static
uart_task.c:409:6:UART_Init_Buffer_Rx	16	static
